"blank"					"=========================="
"blank"					"Communication"
"blank"					"=========================="
"+voicerecord"			"Use voice communication"
"messagemode"			"Chat message"
"messagemode2"			"Team message"
"blank"					"=========================="
"blank"					"Movement"
"blank"					"=========================="
"+forward"				"Move forward"
"+back"					"Move back"
"+left"					"Turn left"
"+right"				"Turn right"
"+moveleft"				"Move left (strafe)"
"+moveright"			"Move right (strafe)"
"+jump"					"Jump"
"+duck"					"Duck"
"+moveup"				"Swim up"
"+movedown"				"Swim down"
"+lookup"				"Look up"
"+lookdown"				"Look down"
"centerview"			"Look straight ahead"
"+strafe"				"Strafe modifier"
"+mlook"				"Mouse look modifier"
"+klook"				"Keyboard look modifier"
"+use"					"Use item (buttons, scientists, ...)"
"blank"					"=========================="
"blank"					"Combat"
"blank"					"=========================="
"+attack"				"Primary attack"
"+attack2"				"Secondary attack"
"+reload"				"Reload weapon"
"+speed"		        "Walk"
"impulse 100"			"Flashlight"
"impulse 201"			"Spray logo"
"slot1"					"Weapon category 1"
"slot2"					"Weapon category 2"
"slot3" 				"Weapon category 3"
"slot4"					"Weapon category 4"
"slot5"					"Weapon category 5"
"invprev"				"Previous weapon"
"invnext"				"Next weapon"
"lastinv"				"Last used weapon"
"blank"					"=========================="
"blank"					"Miscellaneous"
"blank"					"=========================="
"+showscores"			"Display multiplayer scores"
"snapshot"				"Take screen shot"
"save quick"			"Quick save"
"load quick"			"Quick load"
"pause"					"Pause game"
"quit"					"Quit game"